+------+------+------+------+
|      |    2 |      |      |
|      |      |      |      |
|      |      |    2 |      |
|      |      |      |      |
+------+------+------+------+
Score: 0 | Move: START

+------+------+------+------+
|      |    2 |    2 |    2 |
|      |      |      |      |
|      |      |      |      |
|      |      |      |      |
+------+------+------+------+
Score: 0 | Move: UP

+------+------+------+------+
|      |      |    2 |    4 |
|    2 |      |      |      |
|      |      |      |      |
|      |      |      |      |
+------+------+------+------+
Score: 4 | Move: RIGHT

+------+------+------+------+
|      |      |    2 |    4 |
|      |      |      |    2 |
|      |      |      |      |
|    2 |      |      |      |
+------+------+------+------+
Score: 4 | Move: RIGHT

+------+------+------+------+
|      |      |    2 |    4 |
|      |      |      |    2 |
|      |    2 |      |      |
|      |      |      |    2 |
+------+------+------+------+
Score: 4 | Move: RIGHT

+------+------+------+------+
|      |    2 |    2 |    4 |
|      |      |      |    4 |
|      |      |      |      |
|      |      |    2 |      |
+------+------+------+------+
Score: 8 | Move: UP

+------+------+------+------+
|      |    2 |    4 |    8 |
|      |      |      |      |
|      |      |      |      |
|    2 |      |      |      |
+------+------+------+------+
Score: 20 | Move: UP

+------+------+------+------+
|      |    2 |    4 |    8 |
|      |      |      |      |
|      |    4 |      |      |
|      |      |      |    2 |
+------+------+------+------+
Score: 20 | Move: RIGHT

+------+------+------+------+
|      |    2 |    4 |    8 |
|      |      |      |    2 |
|      |      |      |    4 |
|      |      |      |    2 |
+------+------+------+------+
Score: 20 | Move: RIGHT

+------+------+------+------+
|      |      |      |    8 |
|      |      |      |    2 |
|      |    2 |      |    4 |
|      |    2 |    4 |    2 |
+------+------+------+------+
Score: 20 | Move: DOWN

+------+------+------+------+
|      |      |      |    8 |
|      |      |      |    2 |
|      |    2 |    2 |    4 |
|      |    2 |    4 |    2 |
+------+------+------+------+
Score: 20 | Move: RIGHT

+------+------+------+------+
|    2 |      |      |    8 |
|      |      |      |    2 |
|      |      |    4 |    4 |
|      |    2 |    4 |    2 |
+------+------+------+------+
Score: 24 | Move: RIGHT

+------+------+------+------+
|      |      |    2 |    8 |
|      |      |    2 |    2 |
|      |      |      |    8 |
|      |    2 |    4 |    2 |
+------+------+------+------+
Score: 32 | Move: RIGHT

+------+------+------+------+
|    2 |      |    2 |    8 |
|      |      |      |    4 |
|      |      |      |    8 |
|      |    2 |    4 |    2 |
+------+------+------+------+
Score: 36 | Move: RIGHT

+------+------+------+------+
|      |      |    4 |    8 |
|      |      |      |    4 |
|      |      |    2 |    8 |
|      |    2 |    4 |    2 |
+------+------+------+------+
Score: 40 | Move: RIGHT

+------+------+------+------+
|      |    2 |    4 |    8 |
|      |      |    2 |    4 |
|    2 |      |    4 |    8 |
|      |      |      |    2 |
+------+------+------+------+
Score: 40 | Move: UP

+------+------+------+------+
|    2 |    2 |    4 |    8 |
|      |    2 |    2 |    4 |
|      |      |    4 |    8 |
|      |      |      |    2 |
+------+------+------+------+
Score: 40 | Move: UP

+------+------+------+------+
|      |    4 |    4 |    8 |
|    2 |      |    4 |    4 |
|      |      |    4 |    8 |
|      |      |      |    2 |
+------+------+------+------+
Score: 48 | Move: RIGHT

+------+------+------+------+
|      |      |    8 |    8 |
|      |      |    2 |    8 |
|      |      |    4 |    8 |
|      |      |    2 |    2 |
+------+------+------+------+
Score: 64 | Move: RIGHT

+------+------+------+------+
|      |      |    8 |   16 |
|      |      |    2 |    8 |
|      |      |    4 |    2 |
|      |    2 |    2 |      |
+------+------+------+------+
Score: 80 | Move: UP

+------+------+------+------+
|    2 |    2 |    8 |   16 |
|      |      |    2 |    8 |
|      |      |    4 |    2 |
|      |      |    2 |      |
+------+------+------+------+
Score: 80 | Move: UP

+------+------+------+------+
|    2 |    4 |    8 |   16 |
|      |      |    2 |    8 |
|      |      |    4 |    2 |
|      |      |      |    2 |
+------+------+------+------+
Score: 84 | Move: RIGHT

+------+------+------+------+
|    2 |    4 |    8 |   16 |
|    2 |      |    2 |    8 |
|      |      |    4 |    4 |
|      |      |      |      |
+------+------+------+------+
Score: 88 | Move: UP

+------+------+------+------+
|    2 |    4 |    8 |   16 |
|      |    2 |    4 |    8 |
|      |      |      |    8 |
|      |      |      |      |
+------+------+------+------+
Score: 100 | Move: RIGHT

+------+------+------+------+
|    2 |    4 |    8 |   16 |
|      |    2 |    4 |   16 |
|      |      |      |      |
|    2 |      |      |      |
+------+------+------+------+
Score: 116 | Move: UP

+------+------+------+------+
|    4 |    4 |    8 |   32 |
|    2 |    2 |    4 |      |
|      |      |      |      |
|      |      |      |      |
+------+------+------+------+
Score: 152 | Move: UP

+------+------+------+------+
|      |    8 |    8 |   32 |
|      |      |    4 |    4 |
|      |      |    4 |      |
|      |      |      |      |
+------+------+------+------+
Score: 164 | Move: RIGHT

+------+------+------+------+
|    2 |      |   16 |   32 |
|      |      |      |    8 |
|      |      |      |    4 |
|      |      |      |      |
+------+------+------+------+
Score: 188 | Move: RIGHT

+------+------+------+------+
|    4 |    2 |   16 |   32 |
|      |      |      |    8 |
|      |      |      |    4 |
|      |      |      |      |
+------+------+------+------+
Score: 188 | Move: RIGHT

+------+------+------+------+
|    4 |    2 |   16 |   32 |
|    8 |      |      |      |
|    4 |      |    2 |      |
|      |      |      |      |
+------+------+------+------+
Score: 188 | Move: LEFT

+------+------+------+------+
|    4 |    2 |   16 |   32 |
|      |      |      |    8 |
|      |    2 |    4 |    2 |
|      |      |      |      |
+------+------+------+------+
Score: 188 | Move: RIGHT

+------+------+------+------+
|    4 |    2 |   16 |   32 |
|    8 |      |      |      |
|    2 |    4 |    2 |      |
|    2 |      |      |      |
+------+------+------+------+
Score: 188 | Move: LEFT

+------+------+------+------+
|    4 |    2 |   16 |   32 |
|      |      |    2 |    8 |
|      |    2 |    4 |    2 |
|      |      |      |    2 |
+------+------+------+------+
Score: 188 | Move: RIGHT

+------+------+------+------+
|    4 |    2 |   16 |   32 |
|    2 |    8 |      |      |
|    2 |    4 |    2 |      |
|    2 |      |    2 |      |
+------+------+------+------+
Score: 188 | Move: LEFT

+------+------+------+------+
|    4 |    2 |   16 |   32 |
|    4 |    8 |    4 |      |
|    2 |    4 |      |    2 |
|      |      |      |      |
+------+------+------+------+
Score: 196 | Move: UP

+------+------+------+------+
|    8 |    2 |   16 |   32 |
|    2 |    8 |    4 |    2 |
|      |    4 |      |      |
|      |      |    2 |      |
+------+------+------+------+
Score: 204 | Move: UP

+------+------+------+------+
|    8 |    2 |   16 |   32 |
|    2 |    8 |    4 |    2 |
|    2 |      |      |    4 |
|      |      |      |    2 |
+------+------+------+------+
Score: 204 | Move: RIGHT

+------+------+------+------+
|    8 |    2 |   16 |   32 |
|    4 |    8 |    4 |    2 |
|      |      |      |    4 |
|    2 |      |      |    2 |
+------+------+------+------+
Score: 208 | Move: UP

+------+------+------+------+
|    8 |    2 |   16 |   32 |
|    4 |    8 |    4 |    2 |
|      |      |      |    4 |
|      |    2 |      |    4 |
+------+------+------+------+
Score: 212 | Move: RIGHT

+------+------+------+------+
|    8 |    2 |   16 |   32 |
|    4 |    8 |    4 |    2 |
|      |      |      |    4 |
|    2 |      |    2 |    4 |
+------+------+------+------+
Score: 212 | Move: RIGHT

+------+------+------+------+
|    8 |    2 |   16 |   32 |
|    4 |    8 |    4 |    2 |
|      |      |      |    4 |
|    2 |      |    4 |    4 |
+------+------+------+------+
Score: 216 | Move: RIGHT

+------+------+------+------+
|    8 |    2 |   16 |   32 |
|    4 |    8 |    4 |    2 |
|      |    2 |      |    4 |
|      |      |    2 |    8 |
+------+------+------+------+
Score: 224 | Move: RIGHT

+------+------+------+------+
|    8 |    2 |   16 |   32 |
|    4 |    8 |    4 |    2 |
|    2 |      |    2 |    4 |
|      |      |    2 |    8 |
+------+------+------+------+
Score: 224 | Move: RIGHT

+------+------+------+------+
|    8 |    2 |   16 |   32 |
|    4 |    8 |    4 |    2 |
|    4 |    4 |      |      |
|    2 |    8 |      |    2 |
+------+------+------+------+
Score: 228 | Move: LEFT

+------+------+------+------+
|    8 |    2 |   16 |   32 |
|    8 |    8 |    4 |    4 |
|    2 |    4 |      |      |
|      |    8 |      |    4 |
+------+------+------+------+
Score: 240 | Move: UP

+------+------+------+------+
|    8 |    2 |   16 |   32 |
|    2 |      |   16 |    8 |
|      |      |    2 |    4 |
|      |      |    8 |    4 |
+------+------+------+------+
Score: 264 | Move: RIGHT

+------+------+------+------+
|    8 |    2 |   16 |   32 |
|      |    2 |   16 |    8 |
|      |    2 |    2 |    4 |
|      |      |    8 |    4 |
+------+------+------+------+
Score: 264 | Move: RIGHT

+------+------+------+------+
|    8 |    2 |   16 |   32 |
|      |    2 |   16 |    8 |
|      |      |    4 |    4 |
|    2 |      |    8 |    4 |
+------+------+------+------+
Score: 268 | Move: RIGHT

+------+------+------+------+
|    8 |    2 |   16 |   32 |
|      |    2 |   16 |    8 |
|      |      |    2 |    8 |
|      |    2 |    8 |    4 |
+------+------+------+------+
Score: 276 | Move: RIGHT

+------+------+------+------+
|    8 |    4 |   32 |   32 |
|      |    2 |    2 |   16 |
|    2 |      |    8 |    4 |
|      |      |      |      |
+------+------+------+------+
Score: 328 | Move: UP

+------+------+------+------+
|    8 |    4 |   32 |   32 |
|    2 |    2 |    2 |   16 |
|      |      |    8 |    4 |
|      |      |      |    2 |
+------+------+------+------+
Score: 328 | Move: UP

+------+------+------+------+
|      |    8 |    4 |   64 |
|    2 |    2 |    4 |   16 |
|      |      |    8 |    4 |
|      |      |      |    2 |
+------+------+------+------+
Score: 396 | Move: RIGHT

+------+------+------+------+
|      |    8 |    4 |   64 |
|      |    4 |    4 |   16 |
|    2 |      |    8 |    4 |
|      |      |      |    2 |
+------+------+------+------+
Score: 400 | Move: RIGHT

+------+------+------+------+
|      |    8 |    4 |   64 |
|      |    4 |    8 |   16 |
|      |    2 |    8 |    4 |
|      |      |      |    2 |
+------+------+------+------+
Score: 408 | Move: RIGHT

+------+------+------+------+
|      |    8 |    4 |   64 |
|      |    4 |   16 |   16 |
|    2 |    2 |      |    4 |
|      |      |      |    2 |
+------+------+------+------+
Score: 424 | Move: UP

+------+------+------+------+
|    2 |    8 |    4 |   64 |
|      |    4 |   16 |   16 |
|      |    2 |      |    4 |
|    2 |      |      |    2 |
+------+------+------+------+
Score: 424 | Move: UP

+------+------+------+------+
|    4 |    8 |    4 |   64 |
|      |    4 |   16 |   16 |
|      |    2 |      |    4 |
|    2 |      |      |    2 |
+------+------+------+------+
Score: 428 | Move: UP

+------+------+------+------+
|    4 |    8 |    4 |   64 |
|    2 |    4 |   16 |   16 |
|      |    2 |      |    4 |
|      |      |    2 |    2 |
+------+------+------+------+
Score: 428 | Move: UP

+------+------+------+------+
|    4 |    8 |    4 |   64 |
|    2 |    4 |   16 |   16 |
|      |    2 |    2 |    4 |
|      |      |    2 |    2 |
+------+------+------+------+
Score: 428 | Move: UP

+------+------+------+------+
|    4 |    8 |    4 |   64 |
|    2 |    4 |   16 |   16 |
|      |    2 |    4 |    4 |
|      |    2 |      |    2 |
+------+------+------+------+
Score: 432 | Move: UP

+------+------+------+------+
|    4 |    8 |    4 |   64 |
|      |    2 |    4 |   32 |
|      |      |    2 |    8 |
|      |    2 |      |    4 |
+------+------+------+------+
Score: 476 | Move: RIGHT

+------+------+------+------+
|    4 |    8 |    4 |   64 |
|      |    2 |    4 |   32 |
|      |      |    2 |    8 |
|    4 |      |    2 |    4 |
+------+------+------+------+
Score: 476 | Move: RIGHT

+------+------+------+------+
|    4 |    8 |    4 |   64 |
|      |    2 |    4 |   32 |
|    2 |      |    2 |    8 |
|      |    4 |    2 |    4 |
+------+------+------+------+
Score: 476 | Move: RIGHT

+------+------+------+------+
|    4 |    8 |    4 |   64 |
|      |    2 |    4 |   32 |
|    2 |      |    4 |    8 |
|      |    4 |    2 |    4 |
+------+------+------+------+
Score: 480 | Move: RIGHT

+------+------+------+------+
|    4 |    8 |    4 |   64 |
|      |    2 |    4 |   32 |
|      |    2 |    4 |    8 |
|    2 |    4 |    2 |    4 |
+------+------+------+------+
Score: 480 | Move: RIGHT

+------+------+------+------+
|    4 |    8 |    8 |   64 |
|    2 |    4 |    4 |   32 |
|      |    4 |    2 |    8 |
|      |    2 |      |    4 |
+------+------+------+------+
Score: 492 | Move: UP

+------+------+------+------+
|    4 |    8 |    8 |   64 |
|    2 |    8 |    4 |   32 |
|      |    2 |    2 |    8 |
|    2 |      |      |    4 |
+------+------+------+------+
Score: 500 | Move: UP

+------+------+------+------+
|      |    4 |      |   64 |
|      |      |    8 |   32 |
|    4 |   16 |    4 |    8 |
|    4 |    2 |    2 |    4 |
+------+------+------+------+
Score: 520 | Move: DOWN

+------+------+------+------+
|    8 |    4 |    8 |   64 |
|      |   16 |    4 |   32 |
|      |    2 |    2 |    8 |
|      |    2 |      |    4 |
+------+------+------+------+
Score: 528 | Move: UP

+------+------+------+------+
|      |      |    2 |   64 |
|      |    4 |    8 |   32 |
|      |   16 |    4 |    8 |
|    8 |    4 |    2 |    4 |
+------+------+------+------+
Score: 532 | Move: DOWN

+------+------+------+------+
|    8 |    4 |    2 |   64 |
|      |   16 |    8 |   32 |
|      |    4 |    4 |    8 |
|    2 |      |    2 |    4 |
+------+------+------+------+
Score: 532 | Move: UP

+------+------+------+------+
|    8 |    4 |    2 |   64 |
|      |   16 |    8 |   32 |
|      |      |    8 |    8 |
|    2 |      |    4 |    4 |
+------+------+------+------+
Score: 544 | Move: RIGHT

+------+------+------+------+
|    8 |    4 |    2 |   64 |
|      |   16 |    8 |   32 |
|      |    2 |      |   16 |
|      |      |    2 |    8 |
+------+------+------+------+
Score: 568 | Move: RIGHT

+------+------+------+------+
|    8 |    4 |    2 |   64 |
|    2 |   16 |    8 |   32 |
|      |      |    2 |   16 |
|      |      |    2 |    8 |
+------+------+------+------+
Score: 568 | Move: RIGHT

+------+------+------+------+
|      |      |    2 |   64 |
|      |      |    2 |   32 |
|    8 |    4 |    8 |   16 |
|    2 |   16 |    4 |    8 |
+------+------+------+------+
Score: 572 | Move: DOWN

+------+------+------+------+
|    8 |    4 |    4 |   64 |
|    2 |   16 |    8 |   32 |
|    2 |      |    4 |   16 |
|      |      |      |    8 |
+------+------+------+------+
Score: 576 | Move: UP

+------+------+------+------+
|    2 |    8 |    8 |   64 |
|    2 |   16 |    8 |   32 |
|      |    2 |    4 |   16 |
|      |      |      |    8 |
+------+------+------+------+
Score: 584 | Move: RIGHT

+------+------+------+------+
|      |    2 |   16 |   64 |
|    2 |   16 |    8 |   32 |
|      |    2 |    4 |   16 |
|    2 |      |      |    8 |
+------+------+------+------+
Score: 600 | Move: RIGHT

+------+------+------+------+
|    2 |    2 |   16 |   64 |
|    2 |   16 |    8 |   32 |
|      |    2 |    4 |   16 |
|      |      |    2 |    8 |
+------+------+------+------+
Score: 600 | Move: RIGHT

+------+------+------+------+
|      |    4 |   16 |   64 |
|    2 |   16 |    8 |   32 |
|      |    2 |    4 |   16 |
|    2 |      |    2 |    8 |
+------+------+------+------+
Score: 604 | Move: RIGHT

+------+------+------+------+
|      |    4 |   16 |   64 |
|    2 |   16 |    8 |   32 |
|      |    2 |    4 |   16 |
|    2 |      |    4 |    8 |
+------+------+------+------+
Score: 608 | Move: RIGHT

+------+------+------+------+
|      |    4 |   16 |   64 |
|    2 |   16 |    8 |   32 |
|    2 |    2 |    4 |   16 |
|      |    2 |    4 |    8 |
+------+------+------+------+
Score: 608 | Move: RIGHT

+------+------+------+------+
|    2 |    4 |   16 |   64 |
|    2 |   16 |    8 |   32 |
|      |    4 |    4 |   16 |
|      |    2 |    4 |    8 |
+------+------+------+------+
Score: 612 | Move: RIGHT

+------+------+------+------+
|    2 |    4 |   16 |   64 |
|    2 |   16 |    8 |   32 |
|      |    2 |    8 |   16 |
|      |    2 |    4 |    8 |
+------+------+------+------+
Score: 620 | Move: RIGHT

+------+------+------+------+
|    4 |    4 |   16 |   64 |
|      |   16 |   16 |   32 |
|      |    4 |    4 |   16 |
|    4 |      |      |    8 |
+------+------+------+------+
Score: 644 | Move: UP

+------+------+------+------+
|      |      |      |   64 |
|    2 |    4 |      |   32 |
|      |   16 |   32 |   16 |
|    8 |    4 |    4 |    8 |
+------+------+------+------+
Score: 684 | Move: DOWN

+------+------+------+------+
|      |    2 |      |   64 |
|      |    2 |    4 |   32 |
|      |   16 |   32 |   16 |
|      |    8 |    8 |    8 |
+------+------+------+------+
Score: 692 | Move: RIGHT

+------+------+------+------+
|      |    4 |    4 |   64 |
|      |   16 |   32 |   32 |
|      |    8 |    8 |   16 |
|    2 |      |      |    8 |
+------+------+------+------+
Score: 696 | Move: UP

+------+------+------+------+
|      |      |    8 |   64 |
|      |      |   16 |   64 |
|    2 |      |   16 |   16 |
|      |      |    2 |    8 |
+------+------+------+------+
Score: 784 | Move: RIGHT

+------+------+------+------+
|    2 |      |    8 |  128 |
|      |      |   32 |   16 |
|      |      |    2 |    8 |
|      |    4 |      |      |
+------+------+------+------+
Score: 944 | Move: UP

+------+------+------+------+
|      |    2 |    8 |  128 |
|      |      |   32 |   16 |
|      |      |    2 |    8 |
|      |    2 |      |    4 |
+------+------+------+------+
Score: 944 | Move: RIGHT

+------+------+------+------+
|      |    2 |    8 |  128 |
|      |      |   32 |   16 |
|      |    4 |    2 |    8 |
|      |      |    2 |    4 |
+------+------+------+------+
Score: 944 | Move: RIGHT

+------+------+------+------+
|      |    2 |    8 |  128 |
|      |    4 |   32 |   16 |
|      |      |    4 |    8 |
|      |    2 |      |    4 |
+------+------+------+------+
Score: 948 | Move: UP

+------+------+------+------+
|      |    2 |    8 |  128 |
|      |    4 |   32 |   16 |
|      |      |    4 |    8 |
|    2 |      |    2 |    4 |
+------+------+------+------+
Score: 948 | Move: RIGHT

+------+------+------+------+
|      |    2 |    8 |  128 |
|      |    4 |   32 |   16 |
|      |      |    4 |    8 |
|      |    2 |    4 |    4 |
+------+------+------+------+
Score: 952 | Move: RIGHT

+------+------+------+------+
|      |    2 |    8 |  128 |
|      |    4 |   32 |   16 |
|      |      |    4 |    8 |
|    2 |      |    2 |    8 |
+------+------+------+------+
Score: 960 | Move: RIGHT

+------+------+------+------+
|      |    2 |    8 |  128 |
|      |    4 |   32 |   16 |
|      |      |    4 |    8 |
|    2 |      |    4 |    8 |
+------+------+------+------+
Score: 964 | Move: RIGHT

+------+------+------+------+
|      |    2 |    8 |  128 |
|      |    4 |   32 |   16 |
|    2 |      |    4 |    8 |
|      |    2 |    4 |    8 |
+------+------+------+------+
Score: 964 | Move: RIGHT

+------+------+------+------+
|    2 |    2 |    8 |  128 |
|      |    4 |   32 |   16 |
|      |    2 |    8 |   16 |
|    4 |      |      |      |
+------+------+------+------+
Score: 988 | Move: UP

+------+------+------+------+
|      |    4 |    8 |  128 |
|      |    4 |   32 |   16 |
|      |    2 |    8 |   16 |
|      |    2 |      |    4 |
+------+------+------+------+
Score: 992 | Move: RIGHT

+------+------+------+------+
|      |    4 |    8 |  128 |
|      |    4 |   32 |   16 |
|      |    2 |    8 |   16 |
|      |    2 |    2 |    4 |
+------+------+------+------+
Score: 992 | Move: RIGHT

+------+------+------+------+
|    2 |    4 |    8 |  128 |
|      |    4 |   32 |   16 |
|      |    2 |    8 |   16 |
|      |      |    4 |    4 |
+------+------+------+------+
Score: 996 | Move: RIGHT

+------+------+------+------+
|    2 |    4 |    8 |  128 |
|      |    4 |   32 |   16 |
|      |    2 |    8 |   16 |
|    2 |      |      |    8 |
+------+------+------+------+
Score: 1004 | Move: RIGHT

+------+------+------+------+
|    2 |    4 |    8 |  128 |
|      |    4 |   32 |   16 |
|      |    2 |    8 |   16 |
|    2 |      |    2 |    8 |
+------+------+------+------+
Score: 1004 | Move: RIGHT

+------+------+------+------+
|    2 |    4 |    8 |  128 |
|      |    4 |   32 |   16 |
|      |    2 |    8 |   16 |
|      |    2 |    4 |    8 |
+------+------+------+------+
Score: 1008 | Move: RIGHT

+------+------+------+------+
|    2 |    8 |    8 |  128 |
|    2 |    4 |   32 |   32 |
|      |      |    8 |    8 |
|      |      |    4 |      |
+------+------+------+------+
Score: 1052 | Move: UP

+------+------+------+------+
|      |    2 |   16 |  128 |
|      |    2 |    4 |   64 |
|      |      |    2 |   16 |
|      |      |      |    4 |
+------+------+------+------+
Score: 1148 | Move: RIGHT

+------+------+------+------+
|      |    4 |   16 |  128 |
|      |      |    4 |   64 |
|    2 |      |    2 |   16 |
|      |      |      |    4 |
+------+------+------+------+
Score: 1152 | Move: UP

+------+------+------+------+
|      |    2 |      |  128 |
|      |      |   16 |   64 |
|      |      |    4 |   16 |
|    2 |    4 |    2 |    4 |
+------+------+------+------+
Score: 1152 | Move: DOWN

+------+------+------+------+
|      |      |    2 |  128 |
|      |      |   16 |   64 |
|    2 |      |    4 |   16 |
|    2 |    4 |    2 |    4 |
+------+------+------+------+
Score: 1152 | Move: RIGHT

+------+------+------+------+
|    2 |      |    2 |  128 |
|      |      |   16 |   64 |
|      |    2 |    4 |   16 |
|    2 |    4 |    2 |    4 |
+------+------+------+------+
Score: 1152 | Move: RIGHT

+------+------+------+------+
|      |      |    4 |  128 |
|      |    2 |   16 |   64 |
|      |    2 |    4 |   16 |
|    2 |    4 |    2 |    4 |
+------+------+------+------+
Score: 1156 | Move: RIGHT

+------+------+------+------+
|    2 |    4 |    4 |  128 |
|      |    4 |   16 |   64 |
|    2 |      |    4 |   16 |
|      |      |    2 |    4 |
+------+------+------+------+
Score: 1160 | Move: UP

+------+------+------+------+
|      |    2 |    8 |  128 |
|      |    4 |   16 |   64 |
|      |    2 |    4 |   16 |
|      |    2 |    2 |    4 |
+------+------+------+------+
Score: 1168 | Move: RIGHT

+------+------+------+------+
|    2 |    2 |    8 |  128 |
|      |    4 |   16 |   64 |
|      |    4 |    4 |   16 |
|      |      |    2 |    4 |
+------+------+------+------+
Score: 1172 | Move: UP

+------+------+------+------+
|    2 |    2 |    8 |  128 |
|      |    8 |   16 |   64 |
|      |    2 |    4 |   16 |
|      |      |    2 |    4 |
+------+------+------+------+
Score: 1180 | Move: UP

+------+------+------+------+
|      |    4 |    8 |  128 |
|      |    8 |   16 |   64 |
|      |    2 |    4 |   16 |
|    2 |      |    2 |    4 |
+------+------+------+------+
Score: 1184 | Move: RIGHT

+------+------+------+------+
|    2 |    4 |    8 |  128 |
|      |    8 |   16 |   64 |
|      |    2 |    4 |   16 |
|      |      |    4 |    4 |
+------+------+------+------+
Score: 1188 | Move: RIGHT

+------+------+------+------+
|    2 |    4 |    8 |  128 |
|      |    8 |   16 |   64 |
|      |    2 |    4 |   16 |
|      |    2 |      |    8 |
+------+------+------+------+
Score: 1196 | Move: RIGHT

+------+------+------+------+
|    2 |    4 |    8 |  128 |
|      |    8 |   16 |   64 |
|    2 |    2 |    4 |   16 |
|      |      |    2 |    8 |
+------+------+------+------+
Score: 1196 | Move: RIGHT

+------+------+------+------+
|    4 |    4 |    8 |  128 |
|      |    8 |   16 |   64 |
|      |    2 |    4 |   16 |
|      |    2 |    2 |    8 |
+------+------+------+------+
Score: 1200 | Move: UP

+------+------+------+------+
|    2 |    8 |    8 |  128 |
|      |    8 |   16 |   64 |
|      |    2 |    4 |   16 |
|      |      |    4 |    8 |
+------+------+------+------+
Score: 1212 | Move: RIGHT

+------+------+------+------+
|      |    2 |   16 |  128 |
|      |    8 |   16 |   64 |
|    2 |    2 |    4 |   16 |
|      |      |    4 |    8 |
+------+------+------+------+
Score: 1228 | Move: RIGHT

+------+------+------+------+
|    2 |    2 |   32 |  128 |
|      |    8 |    8 |   64 |
|      |    2 |      |   16 |
|      |    2 |      |    8 |
+------+------+------+------+
Score: 1268 | Move: UP

+------+------+------+------+
|      |    4 |   32 |  128 |
|      |    4 |   16 |   64 |
|      |      |    2 |   16 |
|      |      |    2 |    8 |
+------+------+------+------+
Score: 1288 | Move: RIGHT

+------+------+------+------+
|      |    8 |   32 |  128 |
|      |    2 |   16 |   64 |
|      |      |    4 |   16 |
|      |      |      |    8 |
+------+------+------+------+
Score: 1300 | Move: UP

+------+------+------+------+
|      |      |      |  128 |
|      |    2 |   32 |   64 |
|      |    8 |   16 |   16 |
|      |    2 |    4 |    8 |
+------+------+------+------+
Score: 1300 | Move: DOWN

+------+------+------+------+
|      |      |      |  128 |
|      |    2 |   32 |   64 |
|      |    2 |    8 |   32 |
|      |    2 |    4 |    8 |
+------+------+------+------+
Score: 1332 | Move: RIGHT

+------+------+------+------+
|    2 |    4 |   32 |  128 |
|      |    2 |    8 |   64 |
|      |      |    4 |   32 |
|      |      |      |    8 |
+------+------+------+------+
Score: 1336 | Move: UP

+------+------+------+------+
|      |      |      |  128 |
|    2 |      |   32 |   64 |
|      |    4 |    8 |   32 |
|    2 |    2 |    4 |    8 |
+------+------+------+------+
Score: 1336 | Move: DOWN

+------+------+------+------+
|      |      |      |  128 |
|      |    2 |   32 |   64 |
|      |    4 |    8 |   32 |
|    2 |    4 |    4 |    8 |
+------+------+------+------+
Score: 1340 | Move: RIGHT

+------+------+------+------+
|    2 |      |      |  128 |
|      |    2 |   32 |   64 |
|      |    4 |    8 |   32 |
|      |    2 |    8 |    8 |
+------+------+------+------+
Score: 1348 | Move: RIGHT

+------+------+------+------+
|      |      |    2 |  128 |
|      |    2 |   32 |   64 |
|      |    4 |    8 |   32 |
|    2 |      |    2 |   16 |
+------+------+------+------+
Score: 1364 | Move: RIGHT

+------+------+------+------+
|    2 |      |    2 |  128 |
|      |    2 |   32 |   64 |
|      |    4 |    8 |   32 |
|      |      |    4 |   16 |
+------+------+------+------+
Score: 1368 | Move: RIGHT

+------+------+------+------+
|      |      |    4 |  128 |
|    2 |    2 |   32 |   64 |
|      |    4 |    8 |   32 |
|      |      |    4 |   16 |
+------+------+------+------+
Score: 1372 | Move: RIGHT

+------+------+------+------+
|    2 |    2 |    4 |  128 |
|    2 |    4 |   32 |   64 |
|      |      |    8 |   32 |
|      |      |    4 |   16 |
+------+------+------+------+
Score: 1372 | Move: UP

+------+------+------+------+
|      |    4 |    4 |  128 |
|    2 |    4 |   32 |   64 |
|    4 |      |    8 |   32 |
|      |      |    4 |   16 |
+------+------+------+------+
Score: 1376 | Move: RIGHT

+------+------+------+------+
|    2 |    8 |    4 |  128 |
|    4 |      |   32 |   64 |
|      |    2 |    8 |   32 |
|      |      |    4 |   16 |
+------+------+------+------+
Score: 1384 | Move: UP

+------+------+------+------+
|    2 |    8 |    4 |  128 |
|    4 |    2 |   32 |   64 |
|    2 |      |    8 |   32 |
|      |      |    4 |   16 |
+------+------+------+------+
Score: 1384 | Move: UP

+------+------+------+------+
|    2 |    8 |    4 |  128 |
|    4 |    2 |   32 |   64 |
|      |    2 |    8 |   32 |
|      |    2 |    4 |   16 |
+------+------+------+------+
Score: 1384 | Move: RIGHT

+------+------+------+------+
|    2 |    8 |    4 |  128 |
|    4 |    4 |   32 |   64 |
|      |    2 |    8 |   32 |
|      |    2 |    4 |   16 |
+------+------+------+------+
Score: 1388 | Move: UP

+------+------+------+------+
|    2 |    8 |    4 |  128 |
|      |    8 |   32 |   64 |
|      |    2 |    8 |   32 |
|    2 |    2 |    4 |   16 |
+------+------+------+------+
Score: 1396 | Move: RIGHT

+------+------+------+------+
|    2 |    8 |    4 |  128 |
|      |    8 |   32 |   64 |
|    2 |    2 |    8 |   32 |
|      |    4 |    4 |   16 |
+------+------+------+------+
Score: 1400 | Move: RIGHT

+------+------+------+------+
|    2 |    8 |    4 |  128 |
|      |    8 |   32 |   64 |
|      |    4 |    8 |   32 |
|      |    2 |    8 |   16 |
+------+------+------+------+
Score: 1412 | Move: RIGHT

+------+------+------+------+
|    2 |   16 |    4 |  128 |
|      |    4 |   32 |   64 |
|      |    2 |   16 |   32 |
|    2 |      |      |   16 |
+------+------+------+------+
Score: 1444 | Move: UP

+------+------+------+------+
|    2 |   16 |    4 |  128 |
|    2 |    4 |   32 |   64 |
|      |    2 |   16 |   32 |
|      |      |    2 |   16 |
+------+------+------+------+
Score: 1444 | Move: RIGHT

+------+------+------+------+
|    4 |   16 |    4 |  128 |
|      |    4 |   32 |   64 |
|    2 |    2 |   16 |   32 |
|      |      |    2 |   16 |
+------+------+------+------+
Score: 1448 | Move: UP

+------+------+------+------+
|    4 |   16 |    4 |  128 |
|    2 |    4 |   32 |   64 |
|      |    2 |   16 |   32 |
|    2 |      |    2 |   16 |
+------+------+------+------+
Score: 1448 | Move: UP

+------+------+------+------+
|    4 |   16 |    4 |  128 |
|    2 |    4 |   32 |   64 |
|    2 |    2 |   16 |   32 |
|      |      |    4 |   16 |
+------+------+------+------+
Score: 1452 | Move: RIGHT

+------+------+------+------+
|    4 |   16 |    4 |  128 |
|    4 |    4 |   32 |   64 |
|      |    2 |   16 |   32 |
|    2 |      |    4 |   16 |
+------+------+------+------+
Score: 1456 | Move: UP

+------+------+------+------+
|    4 |   16 |    4 |  128 |
|      |    8 |   32 |   64 |
|      |    2 |   16 |   32 |
|    2 |    2 |    4 |   16 |
+------+------+------+------+
Score: 1464 | Move: RIGHT

+------+------+------+------+
|    4 |   16 |    4 |  128 |
|      |    8 |   32 |   64 |
|      |    2 |   16 |   32 |
|    2 |    4 |    4 |   16 |
+------+------+------+------+
Score: 1468 | Move: RIGHT

+------+------+------+------+
|    4 |   16 |    4 |  128 |
|    2 |    8 |   32 |   64 |
|      |    2 |   16 |   32 |
|      |    2 |    8 |   16 |
+------+------+------+------+
Score: 1476 | Move: RIGHT

+------+------+------+------+
|    4 |   16 |    4 |  128 |
|    2 |    8 |   32 |   64 |
|      |    4 |   16 |   32 |
|      |    2 |    8 |   16 |
+------+------+------+------+
Score: 1480 | Move: UP

+------+------+------+------+
|    2 |   16 |    4 |  128 |
|      |    8 |   32 |   64 |
|    4 |    4 |   16 |   32 |
|    2 |    2 |    8 |   16 |
+------+------+------+------+
Score: 1480 | Move: DOWN

+------+------+------+------+
|    2 |   16 |    4 |  128 |
|    4 |    8 |   32 |   64 |
|    2 |    4 |   16 |   32 |
|    2 |    2 |    8 |   16 |
+------+------+------+------+
Score: 1480 | Move: UP

+------+------+------+------+
|    2 |   16 |    4 |  128 |
|    4 |    8 |   32 |   64 |
|    2 |    4 |   16 |   32 |
|    2 |    4 |    8 |   16 |
+------+------+------+------+
Score: 1484 | Move: RIGHT

+------+------+------+------+
|    2 |   16 |    4 |  128 |
|    4 |    8 |   32 |   64 |
|    4 |    8 |   16 |   32 |
|      |    4 |    8 |   16 |
+------+------+------+------+
Score: 1496 | Move: UP

+------+------+------+------+
|    2 |   16 |    4 |  128 |
|    8 |   16 |   32 |   64 |
|    2 |    4 |   16 |   32 |
|      |      |    8 |   16 |
+------+------+------+------+
Score: 1520 | Move: UP

+------+------+------+------+
|    2 |   32 |    4 |  128 |
|    8 |    4 |   32 |   64 |
|    2 |    2 |   16 |   32 |
|      |      |    8 |   16 |
+------+------+------+------+
Score: 1552 | Move: UP

+------+------+------+------+
|    2 |   32 |    4 |  128 |
|    8 |    4 |   32 |   64 |
|      |    4 |   16 |   32 |
|    2 |      |    8 |   16 |
+------+------+------+------+
Score: 1556 | Move: RIGHT

+------+------+------+------+
|    2 |   32 |    4 |  128 |
|    8 |    4 |   32 |   64 |
|      |    4 |   16 |   32 |
|    2 |    2 |    8 |   16 |
+------+------+------+------+
Score: 1556 | Move: RIGHT

+------+------+------+------+
|    2 |   32 |    4 |  128 |
|    8 |    4 |   32 |   64 |
|      |    4 |   16 |   32 |
|    2 |    4 |    8 |   16 |
+------+------+------+------+
Score: 1560 | Move: RIGHT

+------+------+------+------+
|    2 |   32 |    4 |  128 |
|    8 |    8 |   32 |   64 |
|    2 |    4 |   16 |   32 |
|    2 |      |    8 |   16 |
+------+------+------+------+
Score: 1568 | Move: UP

+------+------+------+------+
|    2 |   32 |    4 |  128 |
|      |   16 |   32 |   64 |
|    2 |    4 |   16 |   32 |
|    2 |    2 |    8 |   16 |
+------+------+------+------+
Score: 1584 | Move: RIGHT

+------+------+------+------+
|    2 |   32 |    4 |  128 |
|      |   16 |   32 |   64 |
|    2 |    4 |   16 |   32 |
|    2 |    4 |    8 |   16 |
+------+------+------+------+
Score: 1588 | Move: RIGHT

+------+------+------+------+
|    4 |   32 |    4 |  128 |
|    2 |   16 |   32 |   64 |
|      |    8 |   16 |   32 |
|      |    2 |    8 |   16 |
+------+------+------+------+
Score: 1600 | Move: UP

+------+------+------+------+
|    2 |   32 |    4 |  128 |
|      |   16 |   32 |   64 |
|    4 |    8 |   16 |   32 |
|    2 |    2 |    8 |   16 |
+------+------+------+------+
Score: 1600 | Move: DOWN

+------+------+------+------+
|    2 |   32 |    4 |  128 |
|      |   16 |   32 |   64 |
|    4 |    8 |   16 |   32 |
|    2 |    4 |    8 |   16 |
+------+------+------+------+
Score: 1604 | Move: RIGHT

+------+------+------+------+
|    2 |   32 |    4 |  128 |
|    4 |   16 |   32 |   64 |
|    2 |    8 |   16 |   32 |
|    2 |    4 |    8 |   16 |
+------+------+------+------+
Score: 1604 | Move: UP

+------+------+------+------+
|    2 |   32 |    4 |  128 |
|    4 |   16 |   32 |   64 |
|    4 |    8 |   16 |   32 |
|    2 |    4 |    8 |   16 |
+------+------+------+------+
Score: 1608 | Move: UP

+------+------+------+------+
|    2 |   32 |    4 |  128 |
|    8 |   16 |   32 |   64 |
|    2 |    8 |   16 |   32 |
|    2 |    4 |    8 |   16 |
+------+------+------+------+
Score: 1616 | Move: UP

+------+------+------+------+
|    2 |   32 |    4 |  128 |
|    8 |   16 |   32 |   64 |
|    4 |    8 |   16 |   32 |
|    2 |    4 |    8 |   16 |
+------+------+------+------+
Score: 1620 | Move: UP

Game over | Score: 1620 | Max tile: 128 | Moves: 172
