+------+------+------+------+
|      |    2 |      |      |
|      |      |      |      |
|      |      |    2 |      |
|      |      |      |      |
+------+------+------+------+
Score: 0 | Move: START

+------+------+------+------+
|      |    2 |      |    2 |
|      |      |      |      |
|      |      |      |    2 |
|      |      |      |      |
+------+------+------+------+
Score: 0 | Move: RIGHT

+------+------+------+------+
|      |      |    2 |    4 |
|      |      |      |      |
|      |      |      |    2 |
|      |      |      |      |
+------+------+------+------+
Score: 4 | Move: RIGHT

+------+------+------+------+
|      |      |      |      |
|      |      |      |      |
|      |    2 |      |    4 |
|      |      |    2 |    2 |
+------+------+------+------+
Score: 4 | Move: DOWN

+------+------+------+------+
|      |      |      |      |
|      |      |    2 |      |
|      |      |    2 |    4 |
|      |      |      |    4 |
+------+------+------+------+
Score: 8 | Move: RIGHT

+------+------+------+------+
|      |      |      |      |
|      |      |      |    2 |
|      |      |    2 |    4 |
|      |    2 |      |    4 |
+------+------+------+------+
Score: 8 | Move: RIGHT

+------+------+------+------+
|      |      |      |      |
|      |      |      |    2 |
|      |    2 |    2 |    4 |
|      |      |    2 |    4 |
+------+------+------+------+
Score: 8 | Move: RIGHT

+------+------+------+------+
|      |      |      |      |
|      |    4 |      |    2 |
|      |      |    4 |    4 |
|      |      |    2 |    4 |
+------+------+------+------+
Score: 12 | Move: RIGHT

+------+------+------+------+
|      |      |      |      |
|    2 |      |    4 |    2 |
|      |      |      |    8 |
|      |      |    2 |    4 |
+------+------+------+------+
Score: 20 | Move: RIGHT

+------+------+------+------+
|      |      |      |      |
|      |    2 |    4 |    2 |
|      |      |    2 |    8 |
|      |      |    2 |    4 |
+------+------+------+------+
Score: 20 | Move: RIGHT

+------+------+------+------+
|      |      |      |      |
|      |      |      |    2 |
|      |    2 |    4 |    8 |
|      |    2 |    4 |    4 |
+------+------+------+------+
Score: 24 | Move: DOWN

+------+------+------+------+
|    2 |      |      |      |
|      |      |      |    2 |
|      |    2 |    4 |    8 |
|      |      |    2 |    8 |
+------+------+------+------+
Score: 32 | Move: RIGHT

+------+------+------+------+
|      |      |      |    2 |
|      |    2 |      |    2 |
|      |    2 |    4 |    8 |
|      |      |    2 |    8 |
+------+------+------+------+
Score: 32 | Move: RIGHT

+------+------+------+------+
|    2 |      |      |    2 |
|      |      |      |    4 |
|      |    2 |    4 |    8 |
|      |      |    2 |    8 |
+------+------+------+------+
Score: 36 | Move: RIGHT

+------+------+------+------+
|      |      |      |    4 |
|      |      |      |    4 |
|      |    2 |    4 |    8 |
|    2 |      |    2 |    8 |
+------+------+------+------+
Score: 40 | Move: RIGHT

+------+------+------+------+
|      |      |      |    4 |
|      |    2 |      |    4 |
|      |    2 |    4 |    8 |
|      |      |    4 |    8 |
+------+------+------+------+
Score: 44 | Move: RIGHT

+------+------+------+------+
|      |    2 |      |    4 |
|      |      |    2 |    4 |
|      |    2 |    4 |    8 |
|      |      |    4 |    8 |
+------+------+------+------+
Score: 44 | Move: RIGHT

+------+------+------+------+
|    2 |      |    2 |    4 |
|      |      |    2 |    4 |
|      |    2 |    4 |    8 |
|      |      |    4 |    8 |
+------+------+------+------+
Score: 44 | Move: RIGHT

+------+------+------+------+
|      |      |    4 |    4 |
|      |      |    2 |    4 |
|      |    2 |    4 |    8 |
|      |    2 |    4 |    8 |
+------+------+------+------+
Score: 48 | Move: RIGHT

+------+------+------+------+
|      |      |      |    8 |
|      |      |    2 |    4 |
|    2 |    2 |    4 |    8 |
|      |    2 |    4 |    8 |
+------+------+------+------+
Score: 56 | Move: RIGHT

+------+------+------+------+
|    2 |      |      |    8 |
|      |      |    2 |    4 |
|      |    4 |    4 |    8 |
|      |    2 |    4 |    8 |
+------+------+------+------+
Score: 60 | Move: RIGHT

+------+------+------+------+
|    2 |      |    2 |    8 |
|      |      |    2 |    4 |
|      |      |    8 |    8 |
|      |    2 |    4 |    8 |
+------+------+------+------+
Score: 68 | Move: RIGHT

+------+------+------+------+
|    2 |      |    4 |    8 |
|      |      |    2 |    4 |
|      |      |      |   16 |
|      |    2 |    4 |    8 |
+------+------+------+------+
Score: 88 | Move: RIGHT

+------+------+------+------+
|      |    2 |    4 |    8 |
|    2 |      |    2 |    4 |
|      |      |      |   16 |
|      |    2 |    4 |    8 |
+------+------+------+------+
Score: 88 | Move: RIGHT

+------+------+------+------+
|      |    2 |    4 |    8 |
|      |      |    4 |    4 |
|      |    2 |      |   16 |
|      |    2 |    4 |    8 |
+------+------+------+------+
Score: 92 | Move: RIGHT

+------+------+------+------+
|    2 |    2 |    4 |    8 |
|      |      |      |    8 |
|      |      |    2 |   16 |
|      |    2 |    4 |    8 |
+------+------+------+------+
Score: 100 | Move: RIGHT

+------+------+------+------+
|      |    4 |    4 |    8 |
|      |      |    4 |    8 |
|      |      |    2 |   16 |
|      |    2 |    4 |    8 |
+------+------+------+------+
Score: 104 | Move: RIGHT

+------+------+------+------+
|    2 |      |    8 |    8 |
|      |      |    4 |    8 |
|      |      |    2 |   16 |
|      |    2 |    4 |    8 |
+------+------+------+------+
Score: 112 | Move: RIGHT

+------+------+------+------+
|    4 |      |    2 |   16 |
|      |      |    4 |    8 |
|      |      |    2 |   16 |
|      |    2 |    4 |    8 |
+------+------+------+------+
Score: 128 | Move: RIGHT

+------+------+------+------+
|      |    4 |    2 |   16 |
|      |    2 |    4 |    8 |
|      |      |    2 |   16 |
|      |    2 |    4 |    8 |
+------+------+------+------+
Score: 128 | Move: RIGHT

+------+------+------+------+
|      |      |    2 |   16 |
|      |    2 |    4 |    8 |
|      |    4 |    2 |   16 |
|      |    4 |    4 |    8 |
+------+------+------+------+
Score: 132 | Move: DOWN

+------+------+------+------+
|      |      |    2 |   16 |
|      |    2 |    4 |    8 |
|    2 |    4 |    2 |   16 |
|      |      |    8 |    8 |
+------+------+------+------+
Score: 140 | Move: RIGHT

+------+------+------+------+
|      |      |    2 |   16 |
|    2 |    2 |    4 |    8 |
|    2 |    4 |    2 |   16 |
|      |      |      |   16 |
+------+------+------+------+
Score: 156 | Move: RIGHT

+------+------+------+------+
|      |      |    2 |   16 |
|      |    4 |    4 |    8 |
|    2 |    4 |    2 |   16 |
|      |    2 |      |   16 |
+------+------+------+------+
Score: 160 | Move: RIGHT

+------+------+------+------+
|      |      |    2 |   16 |
|    2 |      |    8 |    8 |
|    2 |    4 |    2 |   16 |
|      |      |    2 |   16 |
+------+------+------+------+
Score: 168 | Move: RIGHT

+------+------+------+------+
|      |      |    2 |   16 |
|      |      |    2 |   16 |
|    2 |    4 |    2 |   16 |
|      |    2 |    2 |   16 |
+------+------+------+------+
Score: 184 | Move: RIGHT

+------+------+------+------+
|    2 |      |    2 |   16 |
|      |      |    2 |   16 |
|    2 |    4 |    2 |   16 |
|      |      |    4 |   16 |
+------+------+------+------+
Score: 188 | Move: RIGHT

+------+------+------+------+
|      |      |    4 |   16 |
|      |    2 |    2 |   16 |
|    2 |    4 |    2 |   16 |
|      |      |    4 |   16 |
+------+------+------+------+
Score: 192 | Move: RIGHT

+------+------+------+------+
|      |      |    4 |   16 |
|      |      |    4 |   16 |
|    2 |    4 |    2 |   16 |
|    2 |      |    4 |   16 |
+------+------+------+------+
Score: 196 | Move: RIGHT

+------+------+------+------+
|      |      |    4 |   16 |
|      |    2 |    4 |   16 |
|    2 |    4 |    2 |   16 |
|      |    2 |    4 |   16 |
+------+------+------+------+
Score: 196 | Move: RIGHT

+------+------+------+------+
|      |      |      |      |
|      |    2 |    8 |    2 |
|      |    4 |    2 |   32 |
|    2 |    2 |    4 |   32 |
+------+------+------+------+
Score: 268 | Move: DOWN

+------+------+------+------+
|      |    2 |      |      |
|      |    2 |    8 |    2 |
|      |    4 |    2 |   32 |
|      |    4 |    4 |   32 |
+------+------+------+------+
Score: 272 | Move: RIGHT

+------+------+------+------+
|    2 |      |      |    2 |
|      |    2 |    8 |    2 |
|      |    4 |    2 |   32 |
|      |      |    8 |   32 |
+------+------+------+------+
Score: 280 | Move: RIGHT

+------+------+------+------+
|      |      |      |    4 |
|      |    2 |    8 |    2 |
|      |    4 |    2 |   32 |
|    2 |      |    8 |   32 |
+------+------+------+------+
Score: 284 | Move: RIGHT

+------+------+------+------+
|      |      |      |    4 |
|      |    2 |    8 |    2 |
|      |    4 |    2 |   32 |
|    4 |    2 |    8 |   32 |
+------+------+------+------+
Score: 284 | Move: RIGHT

+------+------+------+------+
|    2 |      |      |      |
|      |    2 |    8 |    4 |
|      |    4 |    2 |    2 |
|    4 |    2 |    8 |   64 |
+------+------+------+------+
Score: 348 | Move: DOWN

+------+------+------+------+
|      |      |    2 |    2 |
|      |    2 |    8 |    4 |
|      |      |    4 |    4 |
|    4 |    2 |    8 |   64 |
+------+------+------+------+
Score: 352 | Move: RIGHT

+------+------+------+------+
|      |      |      |    4 |
|      |    2 |    8 |    4 |
|      |    2 |      |    8 |
|    4 |    2 |    8 |   64 |
+------+------+------+------+
Score: 364 | Move: RIGHT

+------+------+------+------+
|      |      |      |    4 |
|    2 |    2 |    8 |    4 |
|      |      |    2 |    8 |
|    4 |    2 |    8 |   64 |
+------+------+------+------+
Score: 364 | Move: RIGHT

+------+------+------+------+
|      |    2 |      |    4 |
|      |    4 |    8 |    4 |
|      |      |    2 |    8 |
|    4 |    2 |    8 |   64 |
+------+------+------+------+
Score: 368 | Move: RIGHT

+------+------+------+------+
|      |      |    2 |    4 |
|      |    4 |    8 |    4 |
|      |    2 |    2 |    8 |
|    4 |    2 |    8 |   64 |
+------+------+------+------+
Score: 368 | Move: RIGHT

+------+------+------+------+
|    2 |      |    2 |    4 |
|      |    4 |    8 |    4 |
|      |      |    4 |    8 |
|    4 |    2 |    8 |   64 |
+------+------+------+------+
Score: 372 | Move: RIGHT

+------+------+------+------+
|      |      |    4 |    4 |
|    2 |    4 |    8 |    4 |
|      |      |    4 |    8 |
|    4 |    2 |    8 |   64 |
+------+------+------+------+
Score: 376 | Move: RIGHT

+------+------+------+------+
|      |    4 |      |    8 |
|    2 |    4 |    8 |    4 |
|      |      |    4 |    8 |
|    4 |    2 |    8 |   64 |
+------+------+------+------+
Score: 384 | Move: RIGHT

+------+------+------+------+
|      |    2 |    4 |    8 |
|    2 |    4 |    8 |    4 |
|      |      |    4 |    8 |
|    4 |    2 |    8 |   64 |
+------+------+------+------+
Score: 384 | Move: RIGHT

+------+------+------+------+
|      |    2 |    4 |    8 |
|      |    2 |    8 |    4 |
|    2 |    4 |    4 |    8 |
|    4 |    2 |    8 |   64 |
+------+------+------+------+
Score: 384 | Move: DOWN

+------+------+------+------+
|      |    2 |    4 |    8 |
|    2 |    2 |    8 |    4 |
|      |    2 |    8 |    8 |
|    4 |    2 |    8 |   64 |
+------+------+------+------+
Score: 392 | Move: RIGHT

+------+------+------+------+
|      |    2 |    4 |    8 |
|      |    4 |    8 |    4 |
|      |    2 |    2 |   16 |
|    4 |    2 |    8 |   64 |
+------+------+------+------+
Score: 412 | Move: RIGHT

+------+------+------+------+
|      |    2 |    4 |    8 |
|      |    4 |    8 |    4 |
|      |    2 |    4 |   16 |
|    4 |    2 |    8 |   64 |
+------+------+------+------+
Score: 416 | Move: RIGHT

+------+------+------+------+
|      |      |    4 |    8 |
|    2 |    2 |    8 |    4 |
|      |    4 |    4 |   16 |
|    4 |    4 |    8 |   64 |
+------+------+------+------+
Score: 420 | Move: DOWN

+------+------+------+------+
|      |      |    4 |    8 |
|      |    4 |    8 |    4 |
|      |    2 |    8 |   16 |
|      |    8 |    8 |   64 |
+------+------+------+------+
Score: 440 | Move: RIGHT

+------+------+------+------+
|      |      |    4 |    8 |
|      |    4 |    8 |    4 |
|      |    2 |    8 |   16 |
|    4 |      |   16 |   64 |
+------+------+------+------+
Score: 456 | Move: RIGHT

+------+------+------+------+
|      |    2 |    4 |    8 |
|      |    4 |    8 |    4 |
|      |    2 |    8 |   16 |
|      |    4 |   16 |   64 |
+------+------+------+------+
Score: 456 | Move: RIGHT

+------+------+------+------+
|      |    2 |    2 |    8 |
|      |    4 |    4 |    4 |
|      |    2 |   16 |   16 |
|      |    4 |   16 |   64 |
+------+------+------+------+
Score: 472 | Move: DOWN

+------+------+------+------+
|      |      |    4 |    8 |
|      |      |    4 |    8 |
|      |      |    2 |   32 |
|    2 |    4 |   16 |   64 |
+------+------+------+------+
Score: 516 | Move: RIGHT

+------+------+------+------+
|      |      |      |      |
|    2 |      |    8 |   16 |
|      |      |    2 |   32 |
|    2 |    4 |   16 |   64 |
+------+------+------+------+
Score: 540 | Move: DOWN

+------+------+------+------+
|      |      |    2 |      |
|      |    2 |    8 |   16 |
|      |      |    2 |   32 |
|    2 |    4 |   16 |   64 |
+------+------+------+------+
Score: 540 | Move: RIGHT

+------+------+------+------+
|      |    4 |      |    2 |
|      |    2 |    8 |   16 |
|      |      |    2 |   32 |
|    2 |    4 |   16 |   64 |
+------+------+------+------+
Score: 540 | Move: RIGHT

+------+------+------+------+
|      |      |    4 |    2 |
|      |    2 |    8 |   16 |
|    2 |      |    2 |   32 |
|    2 |    4 |   16 |   64 |
+------+------+------+------+
Score: 540 | Move: RIGHT

+------+------+------+------+
|      |      |    4 |    2 |
|    2 |    2 |    8 |   16 |
|      |      |    4 |   32 |
|    2 |    4 |   16 |   64 |
+------+------+------+------+
Score: 544 | Move: RIGHT

+------+------+------+------+
|      |      |    4 |    2 |
|      |    4 |    8 |   16 |
|    2 |      |    4 |   32 |
|    2 |    4 |   16 |   64 |
+------+------+------+------+
Score: 548 | Move: RIGHT

+------+------+------+------+
|      |      |    4 |    2 |
|    2 |    4 |    8 |   16 |
|      |    2 |    4 |   32 |
|    2 |    4 |   16 |   64 |
+------+------+------+------+
Score: 548 | Move: RIGHT

+------+------+------+------+
|      |    2 |    4 |    2 |
|      |    4 |    8 |   16 |
|      |    2 |    4 |   32 |
|    4 |    4 |   16 |   64 |
+------+------+------+------+
Score: 552 | Move: DOWN

+------+------+------+------+
|    2 |    2 |    4 |    2 |
|      |    4 |    8 |   16 |
|      |    2 |    4 |   32 |
|      |    8 |   16 |   64 |
+------+------+------+------+
Score: 560 | Move: RIGHT

+------+------+------+------+
|      |    4 |    4 |    2 |
|      |    4 |    8 |   16 |
|    2 |    2 |    4 |   32 |
|      |    8 |   16 |   64 |
+------+------+------+------+
Score: 564 | Move: RIGHT

+------+------+------+------+
|    2 |      |    8 |    2 |
|      |    4 |    8 |   16 |
|      |    4 |    4 |   32 |
|      |    8 |   16 |   64 |
+------+------+------+------+
Score: 576 | Move: RIGHT

+------+------+------+------+
|    2 |    2 |    8 |    2 |
|      |    4 |    8 |   16 |
|      |      |    8 |   32 |
|      |    8 |   16 |   64 |
+------+------+------+------+
Score: 584 | Move: RIGHT

+------+------+------+------+
|      |    4 |    8 |    2 |
|      |    4 |    8 |   16 |
|    2 |      |    8 |   32 |
|      |    8 |   16 |   64 |
+------+------+------+------+
Score: 588 | Move: RIGHT

+------+------+------+------+
|    2 |    4 |    8 |    2 |
|      |    4 |    8 |   16 |
|      |    2 |    8 |   32 |
|      |    8 |   16 |   64 |
+------+------+------+------+
Score: 588 | Move: RIGHT

+------+------+------+------+
|      |      |      |    2 |
|    2 |    8 |    8 |   16 |
|      |    2 |   16 |   32 |
|    2 |    8 |   16 |   64 |
+------+------+------+------+
Score: 612 | Move: DOWN

+------+------+------+------+
|      |      |      |    2 |
|    2 |    2 |   16 |   16 |
|      |    2 |   16 |   32 |
|    2 |    8 |   16 |   64 |
+------+------+------+------+
Score: 628 | Move: RIGHT

+------+------+------+------+
|      |      |    2 |    2 |
|      |      |    4 |   32 |
|      |    2 |   16 |   32 |
|    2 |    8 |   16 |   64 |
+------+------+------+------+
Score: 664 | Move: RIGHT

+------+------+------+------+
|    2 |      |      |    4 |
|      |      |    4 |   32 |
|      |    2 |   16 |   32 |
|    2 |    8 |   16 |   64 |
+------+------+------+------+
Score: 668 | Move: RIGHT

+------+------+------+------+
|      |      |    2 |    4 |
|    2 |      |    4 |   32 |
|      |    2 |   16 |   32 |
|    2 |    8 |   16 |   64 |
+------+------+------+------+
Score: 668 | Move: RIGHT

+------+------+------+------+
|      |      |    2 |    4 |
|    4 |    2 |    4 |   32 |
|      |    2 |   16 |   32 |
|    2 |    8 |   16 |   64 |
+------+------+------+------+
Score: 668 | Move: RIGHT

+------+------+------+------+
|      |      |      |    2 |
|      |      |    2 |    4 |
|    4 |    4 |    4 |   64 |
|    2 |    8 |   32 |   64 |
+------+------+------+------+
Score: 768 | Move: DOWN

+------+------+------+------+
|      |    2 |      |    2 |
|      |      |    2 |    4 |
|      |    4 |    8 |   64 |
|    2 |    8 |   32 |   64 |
+------+------+------+------+
Score: 776 | Move: RIGHT

+------+------+------+------+
|      |      |      |    4 |
|    2 |      |    2 |    4 |
|      |    4 |    8 |   64 |
|    2 |    8 |   32 |   64 |
+------+------+------+------+
Score: 780 | Move: RIGHT

+------+------+------+------+
|      |      |      |    4 |
|    2 |      |    4 |    4 |
|      |    4 |    8 |   64 |
|    2 |    8 |   32 |   64 |
+------+------+------+------+
Score: 784 | Move: RIGHT

+------+------+------+------+
|      |      |      |    4 |
|      |    4 |    2 |    8 |
|      |    4 |    8 |   64 |
|    2 |    8 |   32 |   64 |
+------+------+------+------+
Score: 792 | Move: RIGHT

+------+------+------+------+
|    2 |    8 |    2 |    4 |
|      |    8 |    8 |    8 |
|      |      |   32 |  128 |
|      |      |    2 |      |
+------+------+------+------+
Score: 928 | Move: UP

+------+------+------+------+
|    2 |    8 |    2 |    4 |
|      |      |    8 |   16 |
|      |      |   32 |  128 |
|    4 |      |      |    2 |
+------+------+------+------+
Score: 944 | Move: RIGHT

+------+------+------+------+
|    2 |    8 |    2 |    4 |
|      |      |    8 |   16 |
|      |      |   32 |  128 |
|    2 |      |    4 |    2 |
+------+------+------+------+
Score: 944 | Move: RIGHT

+------+------+------+------+
|    2 |    8 |    2 |    4 |
|      |      |    8 |   16 |
|      |    2 |   32 |  128 |
|      |    2 |    4 |    2 |
+------+------+------+------+
Score: 944 | Move: RIGHT

+------+------+------+------+
|      |      |    2 |    4 |
|      |      |    8 |   16 |
|    2 |    8 |   32 |  128 |
|    2 |    4 |    4 |    2 |
+------+------+------+------+
Score: 948 | Move: DOWN

+------+------+------+------+
|      |      |    2 |    4 |
|      |    2 |    8 |   16 |
|    2 |    8 |   32 |  128 |
|      |    2 |    8 |    2 |
+------+------+------+------+
Score: 956 | Move: RIGHT

+------+------+------+------+
|      |      |    2 |    4 |
|      |    2 |    8 |   16 |
|    2 |    8 |   32 |  128 |
|    2 |    2 |    8 |    2 |
+------+------+------+------+
Score: 956 | Move: DOWN

+------+------+------+------+
|      |      |    2 |    4 |
|    2 |    2 |    8 |   16 |
|    2 |    8 |   32 |  128 |
|      |    4 |    8 |    2 |
+------+------+------+------+
Score: 960 | Move: RIGHT

+------+------+------+------+
|      |    4 |    2 |    4 |
|      |    4 |    8 |   16 |
|    2 |    8 |   32 |  128 |
|      |    4 |    8 |    2 |
+------+------+------+------+
Score: 964 | Move: RIGHT

+------+------+------+------+
|      |      |    2 |    4 |
|      |    8 |    8 |   16 |
|    2 |    8 |   32 |  128 |
|    2 |    4 |    8 |    2 |
+------+------+------+------+
Score: 972 | Move: DOWN

+------+------+------+------+
|      |      |    2 |    4 |
|      |    2 |   16 |   16 |
|    2 |    8 |   32 |  128 |
|    2 |    4 |    8 |    2 |
+------+------+------+------+
Score: 988 | Move: RIGHT

+------+------+------+------+
|    2 |      |    2 |    4 |
|      |      |    2 |   32 |
|    2 |    8 |   32 |  128 |
|    2 |    4 |    8 |    2 |
+------+------+------+------+
Score: 1020 | Move: RIGHT

+------+------+------+------+
|      |      |    4 |    4 |
|    2 |      |    2 |   32 |
|    2 |    8 |   32 |  128 |
|    2 |    4 |    8 |    2 |
+------+------+------+------+
Score: 1024 | Move: RIGHT

+------+------+------+------+
|      |      |    2 |    8 |
|      |      |    4 |   32 |
|    2 |    8 |   32 |  128 |
|    2 |    4 |    8 |    2 |
+------+------+------+------+
Score: 1036 | Move: RIGHT

+------+------+------+------+
|      |      |    2 |    8 |
|      |      |    4 |   32 |
|    2 |    8 |   32 |  128 |
|    4 |    4 |    8 |    2 |
+------+------+------+------+
Score: 1040 | Move: DOWN

+------+------+------+------+
|    2 |      |    2 |    8 |
|      |      |    4 |   32 |
|    2 |    8 |   32 |  128 |
|      |    8 |    8 |    2 |
+------+------+------+------+
Score: 1048 | Move: RIGHT

+------+------+------+------+
|      |      |    4 |    8 |
|      |    2 |    4 |   32 |
|    2 |    8 |   32 |  128 |
|      |      |   16 |    2 |
+------+------+------+------+
Score: 1068 | Move: RIGHT

+------+------+------+------+
|      |      |    2 |    8 |
|      |      |    8 |   32 |
|      |    2 |   32 |  128 |
|    2 |    8 |   16 |    2 |
+------+------+------+------+
Score: 1076 | Move: DOWN

+------+------+------+------+
|    2 |    2 |    2 |    8 |
|      |    8 |    8 |   32 |
|    2 |      |   32 |  128 |
|      |      |   16 |    2 |
+------+------+------+------+
Score: 1076 | Move: UP

+------+------+------+------+
|      |    2 |    4 |    8 |
|      |      |   16 |   32 |
|      |    2 |   32 |  128 |
|    2 |      |   16 |    2 |
+------+------+------+------+
Score: 1096 | Move: RIGHT

+------+------+------+------+
|    2 |    2 |    4 |    8 |
|      |      |   16 |   32 |
|      |    2 |   32 |  128 |
|      |    2 |   16 |    2 |
+------+------+------+------+
Score: 1096 | Move: RIGHT

+------+------+------+------+
|      |    4 |    4 |    8 |
|      |      |   16 |   32 |
|    2 |    2 |   32 |  128 |
|      |    2 |   16 |    2 |
+------+------+------+------+
Score: 1100 | Move: RIGHT

+------+------+------+------+
|      |    2 |    8 |    8 |
|      |      |   16 |   32 |
|      |    4 |   32 |  128 |
|      |    2 |   16 |    2 |
+------+------+------+------+
Score: 1112 | Move: RIGHT

+------+------+------+------+
|      |      |    2 |   16 |
|      |      |   16 |   32 |
|      |    4 |   32 |  128 |
|    2 |    2 |   16 |    2 |
+------+------+------+------+
Score: 1128 | Move: RIGHT

+------+------+------+------+
|    2 |      |    2 |   16 |
|      |      |   16 |   32 |
|      |    4 |   32 |  128 |
|      |    4 |   16 |    2 |
+------+------+------+------+
Score: 1132 | Move: RIGHT

+------+------+------+------+
|      |      |    4 |   16 |
|      |    2 |   16 |   32 |
|      |    4 |   32 |  128 |
|      |    4 |   16 |    2 |
+------+------+------+------+
Score: 1136 | Move: RIGHT

+------+------+------+------+
|      |      |    4 |   16 |
|      |      |   16 |   32 |
|    2 |    2 |   32 |  128 |
|      |    8 |   16 |    2 |
+------+------+------+------+
Score: 1144 | Move: DOWN

+------+------+------+------+
|    2 |      |    4 |   16 |
|      |      |   16 |   32 |
|      |    4 |   32 |  128 |
|      |    8 |   16 |    2 |
+------+------+------+------+
Score: 1148 | Move: RIGHT

+------+------+------+------+
|      |    2 |    4 |   16 |
|      |      |   16 |   32 |
|    2 |    4 |   32 |  128 |
|      |    8 |   16 |    2 |
+------+------+------+------+
Score: 1148 | Move: RIGHT

+------+------+------+------+
|      |    2 |    4 |   16 |
|      |    2 |   16 |   32 |
|      |    4 |   32 |  128 |
|    2 |    8 |   16 |    2 |
+------+------+------+------+
Score: 1148 | Move: DOWN

+------+------+------+------+
|      |      |    4 |   16 |
|      |    4 |   16 |   32 |
|    2 |    4 |   32 |  128 |
|    2 |    8 |   16 |    2 |
+------+------+------+------+
Score: 1152 | Move: DOWN

+------+------+------+------+
|    2 |      |    4 |   16 |
|      |      |   16 |   32 |
|      |    8 |   32 |  128 |
|    4 |    8 |   16 |    2 |
+------+------+------+------+
Score: 1164 | Move: DOWN

+------+------+------+------+
|      |    2 |    4 |   16 |
|    2 |      |   16 |   32 |
|      |    8 |   32 |  128 |
|    4 |    8 |   16 |    2 |
+------+------+------+------+
Score: 1164 | Move: RIGHT

+------+------+------+------+
|      |    2 |    4 |   16 |
|      |    2 |   16 |   32 |
|    2 |    8 |   32 |  128 |
|    4 |    8 |   16 |    2 |
+------+------+------+------+
Score: 1164 | Move: RIGHT

+------+------+------+------+
|      |    4 |    4 |   16 |
|      |      |   16 |   32 |
|    2 |    4 |   32 |  128 |
|    4 |   16 |   16 |    2 |
+------+------+------+------+
Score: 1184 | Move: DOWN

+------+------+------+------+
|      |    2 |    8 |   16 |
|      |      |   16 |   32 |
|    2 |    4 |   32 |  128 |
|      |    4 |   32 |    2 |
+------+------+------+------+
Score: 1224 | Move: RIGHT

+------+------+------+------+
|      |      |      |   16 |
|    2 |      |    8 |   32 |
|      |    2 |   16 |  128 |
|    2 |    8 |   64 |    2 |
+------+------+------+------+
Score: 1296 | Move: DOWN

+------+------+------+------+
|      |      |      |   16 |
|    2 |    2 |    8 |   32 |
|      |    2 |   16 |  128 |
|    2 |    8 |   64 |    2 |
+------+------+------+------+
Score: 1296 | Move: RIGHT

+------+------+------+------+
|    2 |      |      |   16 |
|      |    4 |    8 |   32 |
|      |    2 |   16 |  128 |
|    2 |    8 |   64 |    2 |
+------+------+------+------+
Score: 1300 | Move: RIGHT

+------+------+------+------+
|      |      |    2 |   16 |
|    2 |    4 |    8 |   32 |
|      |    2 |   16 |  128 |
|    2 |    8 |   64 |    2 |
+------+------+------+------+
Score: 1300 | Move: RIGHT

+------+------+------+------+
|      |      |    2 |   16 |
|      |    4 |    8 |   32 |
|    2 |    2 |   16 |  128 |
|    4 |    8 |   64 |    2 |
+------+------+------+------+
Score: 1304 | Move: DOWN

+------+------+------+------+
|    2 |      |    2 |   16 |
|      |    4 |    8 |   32 |
|      |    4 |   16 |  128 |
|    4 |    8 |   64 |    2 |
+------+------+------+------+
Score: 1308 | Move: RIGHT

+------+------+------+------+
|      |      |    4 |   16 |
|      |    4 |    8 |   32 |
|    2 |    4 |   16 |  128 |
|    4 |    8 |   64 |    2 |
+------+------+------+------+
Score: 1312 | Move: RIGHT

+------+------+------+------+
|    2 |      |    4 |   16 |
|      |      |    8 |   32 |
|    2 |    8 |   16 |  128 |
|    4 |    8 |   64 |    2 |
+------+------+------+------+
Score: 1320 | Move: DOWN

+------+------+------+------+
|      |    2 |    4 |   16 |
|    2 |      |    8 |   32 |
|    2 |    8 |   16 |  128 |
|    4 |    8 |   64 |    2 |
+------+------+------+------+
Score: 1320 | Move: RIGHT

+------+------+------+------+
|    2 |    2 |    4 |   16 |
|      |    2 |    8 |   32 |
|    2 |    8 |   16 |  128 |
|    4 |    8 |   64 |    2 |
+------+------+------+------+
Score: 1320 | Move: RIGHT

+------+------+------+------+
|    4 |    4 |    4 |   16 |
|      |    2 |    8 |   32 |
|    2 |    8 |   16 |  128 |
|    4 |    8 |   64 |    2 |
+------+------+------+------+
Score: 1324 | Move: RIGHT

+------+------+------+------+
|      |    4 |    8 |   16 |
|    2 |    2 |    8 |   32 |
|    2 |    8 |   16 |  128 |
|    4 |    8 |   64 |    2 |
+------+------+------+------+
Score: 1332 | Move: RIGHT

+------+------+------+------+
|    2 |    4 |    8 |   16 |
|      |    4 |    8 |   32 |
|    2 |    8 |   16 |  128 |
|    4 |    8 |   64 |    2 |
+------+------+------+------+
Score: 1336 | Move: RIGHT

+------+------+------+------+
|      |      |      |   16 |
|      |    2 |   16 |   32 |
|    4 |    8 |   16 |  128 |
|    4 |   16 |   64 |    2 |
+------+------+------+------+
Score: 1380 | Move: DOWN

+------+------+------+------+
|    8 |    2 |   32 |   16 |
|      |    8 |   64 |   32 |
|      |   16 |      |  128 |
|      |      |    2 |    2 |
+------+------+------+------+
Score: 1420 | Move: UP

+------+------+------+------+
|    8 |    2 |   32 |   16 |
|      |    8 |   64 |   32 |
|      |      |   16 |  128 |
|      |    2 |      |    4 |
+------+------+------+------+
Score: 1424 | Move: RIGHT

+------+------+------+------+
|    8 |    2 |   32 |   16 |
|      |    8 |   64 |   32 |
|      |    2 |   16 |  128 |
|      |      |    2 |    4 |
+------+------+------+------+
Score: 1424 | Move: RIGHT

+------+------+------+------+
|      |      |   32 |   16 |
|      |    2 |   64 |   32 |
|    2 |    8 |   16 |  128 |
|    8 |    2 |    2 |    4 |
+------+------+------+------+
Score: 1424 | Move: DOWN

+------+------+------+------+
|      |      |   32 |   16 |
|    2 |    2 |   64 |   32 |
|    2 |    8 |   16 |  128 |
|      |    8 |    4 |    4 |
+------+------+------+------+
Score: 1428 | Move: RIGHT

+------+------+------+------+
|    2 |      |   32 |   16 |
|      |    4 |   64 |   32 |
|    2 |    8 |   16 |  128 |
|      |      |    8 |    8 |
+------+------+------+------+
Score: 1440 | Move: RIGHT

+------+------+------+------+
|      |    2 |   32 |   16 |
|    2 |    4 |   64 |   32 |
|    2 |    8 |   16 |  128 |
|      |      |      |   16 |
+------+------+------+------+
Score: 1456 | Move: RIGHT

+------+------+------+------+
|      |    2 |      |   16 |
|      |    2 |   32 |   32 |
|      |    4 |   64 |  128 |
|    4 |    8 |   16 |   16 |
+------+------+------+------+
Score: 1460 | Move: DOWN

+------+------+------+------+
|      |    2 |    2 |   16 |
|      |      |    2 |   64 |
|      |    4 |   64 |  128 |
|      |    4 |    8 |   32 |
+------+------+------+------+
Score: 1556 | Move: RIGHT

+------+------+------+------+
|      |      |    4 |   16 |
|      |    2 |    2 |   64 |
|      |    4 |   64 |  128 |
|      |    4 |    8 |   32 |
+------+------+------+------+
Score: 1560 | Move: RIGHT

+------+------+------+------+
|      |      |    4 |   16 |
|      |      |    4 |   64 |
|      |    4 |   64 |  128 |
|    2 |    4 |    8 |   32 |
+------+------+------+------+
Score: 1564 | Move: RIGHT

+------+------+------+------+
|      |      |      |   16 |
|      |    2 |    8 |   64 |
|      |      |   64 |  128 |
|    2 |    8 |    8 |   32 |
+------+------+------+------+
Score: 1580 | Move: DOWN

+------+------+------+------+
|      |    2 |      |   16 |
|      |    2 |    8 |   64 |
|      |      |   64 |  128 |
|      |    2 |   16 |   32 |
+------+------+------+------+
Score: 1596 | Move: RIGHT

+------+------+------+------+
|      |      |    2 |   16 |
|      |    2 |    8 |   64 |
|      |    2 |   64 |  128 |
|      |    2 |   16 |   32 |
+------+------+------+------+
Score: 1596 | Move: RIGHT

+------+------+------+------+
|      |      |    2 |   16 |
|    2 |      |    8 |   64 |
|      |    2 |   64 |  128 |
|      |    4 |   16 |   32 |
+------+------+------+------+
Score: 1600 | Move: DOWN

+------+------+------+------+
|      |      |    2 |   16 |
|      |    2 |    8 |   64 |
|      |    2 |   64 |  128 |
|    2 |    4 |   16 |   32 |
+------+------+------+------+
Score: 1600 | Move: RIGHT

+------+------+------+------+
|      |      |    2 |   16 |
|    2 |      |    8 |   64 |
|      |    4 |   64 |  128 |
|    2 |    4 |   16 |   32 |
+------+------+------+------+
Score: 1604 | Move: DOWN

+------+------+------+------+
|      |      |    2 |   16 |
|      |    2 |    8 |   64 |
|    2 |    4 |   64 |  128 |
|    2 |    4 |   16 |   32 |
+------+------+------+------+
Score: 1604 | Move: RIGHT

+------+------+------+------+
|    4 |    2 |    2 |   16 |
|      |    8 |    8 |   64 |
|      |      |   64 |  128 |
|      |    2 |   16 |   32 |
+------+------+------+------+
Score: 1616 | Move: UP

+------+------+------+------+
|    2 |    4 |    4 |   16 |
|      |      |   16 |   64 |
|      |      |   64 |  128 |
|      |    2 |   16 |   32 |
+------+------+------+------+
Score: 1636 | Move: RIGHT

+------+------+------+------+
|      |    2 |    8 |   16 |
|      |      |   16 |   64 |
|    2 |      |   64 |  128 |
|      |    2 |   16 |   32 |
+------+------+------+------+
Score: 1644 | Move: RIGHT

+------+------+------+------+
|    2 |    2 |    8 |   16 |
|      |      |   16 |   64 |
|      |    2 |   64 |  128 |
|      |    2 |   16 |   32 |
+------+------+------+------+
Score: 1644 | Move: RIGHT

+------+------+------+------+
|      |    4 |    8 |   16 |
|      |      |   16 |   64 |
|    2 |    2 |   64 |  128 |
|      |    2 |   16 |   32 |
+------+------+------+------+
Score: 1648 | Move: RIGHT

+------+------+------+------+
|      |    4 |    8 |   16 |
|      |      |   16 |   64 |
|    2 |    4 |   64 |  128 |
|      |    2 |   16 |   32 |
+------+------+------+------+
Score: 1652 | Move: RIGHT

+------+------+------+------+
|      |      |    8 |   16 |
|      |    2 |   16 |   64 |
|      |    8 |   64 |  128 |
|    2 |    2 |   16 |   32 |
+------+------+------+------+
Score: 1660 | Move: DOWN

+------+------+------+------+
|      |      |    8 |   16 |
|      |    2 |   16 |   64 |
|    2 |    8 |   64 |  128 |
|      |    4 |   16 |   32 |
+------+------+------+------+
Score: 1664 | Move: RIGHT

+------+------+------+------+
|    2 |    2 |    8 |   16 |
|      |    8 |   16 |   64 |
|    2 |    4 |   64 |  128 |
|      |      |   16 |   32 |
+------+------+------+------+
Score: 1664 | Move: UP

+------+------+------+------+
|      |    4 |    8 |   16 |
|      |    8 |   16 |   64 |
|    2 |    4 |   64 |  128 |
|    2 |      |   16 |   32 |
+------+------+------+------+
Score: 1668 | Move: RIGHT

+------+------+------+------+
|      |    4 |    8 |   16 |
|    2 |    8 |   16 |   64 |
|    2 |    4 |   64 |  128 |
|      |    2 |   16 |   32 |
+------+------+------+------+
Score: 1668 | Move: RIGHT

+------+------+------+------+
|      |    4 |    8 |   16 |
|      |    8 |   16 |   64 |
|    2 |    4 |   64 |  128 |
|    4 |    2 |   16 |   32 |
+------+------+------+------+
Score: 1672 | Move: DOWN

+------+------+------+------+
|    2 |    4 |    8 |   16 |
|    4 |    8 |   16 |   64 |
|    2 |    4 |   64 |  128 |
|      |    2 |   16 |   32 |
+------+------+------+------+
Score: 1672 | Move: UP

+------+------+------+------+
|    2 |    4 |    8 |   16 |
|    2 |    8 |   16 |   64 |
|    4 |    4 |   64 |  128 |
|    2 |    2 |   16 |   32 |
+------+------+------+------+
Score: 1672 | Move: DOWN

+------+------+------+------+
|    2 |    4 |    8 |   16 |
|    2 |    8 |   16 |   64 |
|      |    8 |   64 |  128 |
|    2 |    4 |   16 |   32 |
+------+------+------+------+
Score: 1684 | Move: RIGHT

+------+------+------+------+
|      |      |    8 |   16 |
|    2 |    4 |   16 |   64 |
|    2 |   16 |   64 |  128 |
|    4 |    4 |   16 |   32 |
+------+------+------+------+
Score: 1704 | Move: DOWN

+------+------+------+------+
|      |      |    8 |   16 |
|    2 |    4 |   16 |   64 |
|    2 |   16 |   64 |  128 |
|    2 |    8 |   16 |   32 |
+------+------+------+------+
Score: 1712 | Move: RIGHT

+------+------+------+------+
|    4 |    4 |    8 |   16 |
|    2 |   16 |   16 |   64 |
|      |    8 |   64 |  128 |
|      |    2 |   16 |   32 |
+------+------+------+------+
Score: 1716 | Move: UP

+------+------+------+------+
|      |    8 |    8 |   16 |
|      |    2 |   32 |   64 |
|      |    8 |   64 |  128 |
|    2 |    2 |   16 |   32 |
+------+------+------+------+
Score: 1756 | Move: RIGHT

+------+------+------+------+
|      |      |   16 |   16 |
|      |    2 |   32 |   64 |
|    2 |    8 |   64 |  128 |
|      |    4 |   16 |   32 |
+------+------+------+------+
Score: 1776 | Move: RIGHT

+------+------+------+------+
|      |      |    2 |   32 |
|      |    2 |   32 |   64 |
|    2 |    8 |   64 |  128 |
|      |    4 |   16 |   32 |
+------+------+------+------+
Score: 1808 | Move: RIGHT

+------+------+------+------+
|      |    2 |    2 |   32 |
|      |    2 |   32 |   64 |
|      |    8 |   64 |  128 |
|    2 |    4 |   16 |   32 |
+------+------+------+------+
Score: 1808 | Move: DOWN

+------+------+------+------+
|    2 |      |    4 |   32 |
|      |    2 |   32 |   64 |
|      |    8 |   64 |  128 |
|    2 |    4 |   16 |   32 |
+------+------+------+------+
Score: 1812 | Move: RIGHT

+------+------+------+------+
|      |    2 |    4 |   32 |
|      |    2 |   32 |   64 |
|    2 |    8 |   64 |  128 |
|    2 |    4 |   16 |   32 |
+------+------+------+------+
Score: 1812 | Move: RIGHT

+------+------+------+------+
|      |      |    4 |   32 |
|      |    4 |   32 |   64 |
|    2 |    8 |   64 |  128 |
|    4 |    4 |   16 |   32 |
+------+------+------+------+
Score: 1820 | Move: DOWN

+------+------+------+------+
|      |      |    4 |   32 |
|      |    4 |   32 |   64 |
|    2 |    8 |   64 |  128 |
|    2 |    8 |   16 |   32 |
+------+------+------+------+
Score: 1828 | Move: RIGHT

+------+------+------+------+
|    4 |    4 |    4 |   32 |
|      |   16 |   32 |   64 |
|      |    2 |   64 |  128 |
|      |      |   16 |   32 |
+------+------+------+------+
Score: 1848 | Move: UP

+------+------+------+------+
|      |    4 |    8 |   32 |
|      |   16 |   32 |   64 |
|      |    2 |   64 |  128 |
|    2 |      |   16 |   32 |
+------+------+------+------+
Score: 1856 | Move: RIGHT

+------+------+------+------+
|      |    4 |    8 |   32 |
|      |   16 |   32 |   64 |
|      |    2 |   64 |  128 |
|    2 |    2 |   16 |   32 |
+------+------+------+------+
Score: 1856 | Move: RIGHT

+------+------+------+------+
|    4 |    4 |    8 |   32 |
|      |   16 |   32 |   64 |
|      |    2 |   64 |  128 |
|      |    4 |   16 |   32 |
+------+------+------+------+
Score: 1860 | Move: RIGHT

+------+------+------+------+
|      |    8 |    8 |   32 |
|    2 |   16 |   32 |   64 |
|      |    2 |   64 |  128 |
|      |    4 |   16 |   32 |
+------+------+------+------+
Score: 1868 | Move: RIGHT

+------+------+------+------+
|      |      |   16 |   32 |
|    2 |   16 |   32 |   64 |
|      |    2 |   64 |  128 |
|    2 |    4 |   16 |   32 |
+------+------+------+------+
Score: 1884 | Move: RIGHT

+------+------+------+------+
|      |      |   16 |   32 |
|    2 |   16 |   32 |   64 |
|      |    2 |   64 |  128 |
|    4 |    4 |   16 |   32 |
+------+------+------+------+
Score: 1888 | Move: DOWN

+------+------+------+------+
|      |      |   16 |   32 |
|    2 |   16 |   32 |   64 |
|      |    2 |   64 |  128 |
|    2 |    8 |   16 |   32 |
+------+------+------+------+
Score: 1896 | Move: RIGHT

+------+------+------+------+
|    4 |   16 |   16 |   32 |
|      |    2 |   32 |   64 |
|    4 |    8 |   64 |  128 |
|      |      |   16 |   32 |
+------+------+------+------+
Score: 1900 | Move: UP

+------+------+------+------+
|      |    4 |   32 |   32 |
|      |    2 |   32 |   64 |
|    4 |    8 |   64 |  128 |
|    2 |      |   16 |   32 |
+------+------+------+------+
Score: 1932 | Move: RIGHT

+------+------+------+------+
|      |    2 |    4 |   64 |
|      |    2 |   32 |   64 |
|    4 |    8 |   64 |  128 |
|      |    2 |   16 |   32 |
+------+------+------+------+
Score: 1996 | Move: RIGHT

+------+------+------+------+
|      |      |    4 |    2 |
|      |    4 |   32 |  128 |
|      |    8 |   64 |  128 |
|    4 |    2 |   16 |   32 |
+------+------+------+------+
Score: 2128 | Move: DOWN

+------+------+------+------+
|    2 |      |    4 |      |
|      |    4 |   32 |    2 |
|      |    8 |   64 |  256 |
|    4 |    2 |   16 |   32 |
+------+------+------+------+
Score: 2384 | Move: DOWN

+------+------+------+------+
|    4 |      |    2 |    4 |
|      |    4 |   32 |    2 |
|      |    8 |   64 |  256 |
|    4 |    2 |   16 |   32 |
+------+------+------+------+
Score: 2384 | Move: RIGHT

+------+------+------+------+
|      |    4 |    2 |    4 |
|    2 |    4 |   32 |    2 |
|      |    8 |   64 |  256 |
|    4 |    2 |   16 |   32 |
+------+------+------+------+
Score: 2384 | Move: RIGHT

+------+------+------+------+
|    2 |      |    2 |    4 |
|      |    8 |   32 |    2 |
|    2 |    8 |   64 |  256 |
|    4 |    2 |   16 |   32 |
+------+------+------+------+
Score: 2392 | Move: DOWN

+------+------+------+------+
|    4 |      |    4 |    4 |
|      |    8 |   32 |    2 |
|    2 |    8 |   64 |  256 |
|    4 |    2 |   16 |   32 |
+------+------+------+------+
Score: 2396 | Move: RIGHT

+------+------+------+------+
|      |      |    4 |    8 |
|    2 |    8 |   32 |    2 |
|    2 |    8 |   64 |  256 |
|    4 |    2 |   16 |   32 |
+------+------+------+------+
Score: 2404 | Move: RIGHT

+------+------+------+------+
|      |    2 |    4 |    8 |
|      |      |   32 |    2 |
|    4 |   16 |   64 |  256 |
|    4 |    2 |   16 |   32 |
+------+------+------+------+
Score: 2424 | Move: DOWN

+------+------+------+------+
|      |      |    4 |    8 |
|      |    2 |   32 |    2 |
|    2 |   16 |   64 |  256 |
|    8 |    2 |   16 |   32 |
+------+------+------+------+
Score: 2432 | Move: DOWN

+------+------+------+------+
|    2 |    2 |    4 |    8 |
|    8 |   16 |   32 |    2 |
|    2 |    2 |   64 |  256 |
|      |      |   16 |   32 |
+------+------+------+------+
Score: 2432 | Move: UP

+------+------+------+------+
|      |    4 |    4 |    8 |
|    8 |   16 |   32 |    2 |
|      |    4 |   64 |  256 |
|    2 |      |   16 |   32 |
+------+------+------+------+
Score: 2440 | Move: RIGHT

+------+------+------+------+
|      |      |    8 |    8 |
|    8 |   16 |   32 |    2 |
|    2 |    4 |   64 |  256 |
|      |    2 |   16 |   32 |
+------+------+------+------+
Score: 2448 | Move: RIGHT

+------+------+------+------+
|      |    2 |      |   16 |
|    8 |   16 |   32 |    2 |
|    2 |    4 |   64 |  256 |
|      |    2 |   16 |   32 |
+------+------+------+------+
Score: 2464 | Move: RIGHT

+------+------+------+------+
|      |    2 |    2 |   16 |
|    8 |   16 |   32 |    2 |
|    2 |    4 |   64 |  256 |
|      |    2 |   16 |   32 |
+------+------+------+------+
Score: 2464 | Move: RIGHT

+------+------+------+------+
|      |      |    4 |   16 |
|    8 |   16 |   32 |    2 |
|    2 |    4 |   64 |  256 |
|    2 |    2 |   16 |   32 |
+------+------+------+------+
Score: 2468 | Move: RIGHT

+------+------+------+------+
|      |      |    4 |   16 |
|    8 |   16 |   32 |    2 |
|    2 |    4 |   64 |  256 |
|    2 |    4 |   16 |   32 |
+------+------+------+------+
Score: 2472 | Move: RIGHT

+------+------+------+------+
|    4 |      |    4 |   16 |
|      |      |   32 |    2 |
|    8 |   16 |   64 |  256 |
|    4 |    8 |   16 |   32 |
+------+------+------+------+
Score: 2484 | Move: DOWN

+------+------+------+------+
|      |      |    8 |   16 |
|      |    4 |   32 |    2 |
|    8 |   16 |   64 |  256 |
|    4 |    8 |   16 |   32 |
+------+------+------+------+
Score: 2492 | Move: RIGHT

+------+------+------+------+
|    8 |    4 |    8 |   16 |
|    4 |   16 |   32 |    2 |
|    2 |    8 |   64 |  256 |
|      |      |   16 |   32 |
+------+------+------+------+
Score: 2492 | Move: UP

+------+------+------+------+
|    2 |      |    8 |   16 |
|    8 |    4 |   32 |    2 |
|    4 |   16 |   64 |  256 |
|    2 |    8 |   16 |   32 |
+------+------+------+------+
Score: 2492 | Move: DOWN

+------+------+------+------+
|    4 |    2 |    8 |   16 |
|    8 |    4 |   32 |    2 |
|    4 |   16 |   64 |  256 |
|    2 |    8 |   16 |   32 |
+------+------+------+------+
Score: 2492 | Move: RIGHT

Game over | Score: 2492 | Max tile: 256 | Moves: 215
